<?xml version="1.0"?>
<link_info>
   <banner>MSP430 Linker PC v16.9.4.LTS</banner>
   <copyright>Copyright (c) 2003-2017 Texas Instruments Incorporated</copyright>
   <link_time>0x5b182521</link_time>
   <link_errors>0x0</link_errors>
   <output_file>PC3.out</output_file>
   <entry_point>
      <name>_c_int00_noargs_noexit</name>
      <address>0xf11c</address>
   </entry_point>
   <input_file_list>
      <input_file id="fl-2">
         <path>.\</path>
         <kind>object</kind>
         <file>main.obj</file>
         <name>main.obj</name>
      </input_file>
      <input_file id="fl-8">
         <kind>object</kind>
         <file>&lt;internal&gt;</file>
         <name>&lt;internal&gt;</name>
      </input_file>
      <input_file id="fl-23">
         <path>C:\ti\ccsv7\tools\compiler\ti-cgt-msp430_16.9.4.LTS\lib\</path>
         <kind>archive</kind>
         <file>rts430x_lc_sd_eabi.lib</file>
         <name>addd.obj</name>
      </input_file>
      <input_file id="fl-24">
         <path>C:\ti\ccsv7\tools\compiler\ti-cgt-msp430_16.9.4.LTS\lib\</path>
         <kind>archive</kind>
         <file>rts430x_lc_sd_eabi.lib</file>
         <name>boot.obj</name>
      </input_file>
      <input_file id="fl-25">
         <path>C:\ti\ccsv7\tools\compiler\ti-cgt-msp430_16.9.4.LTS\lib\</path>
         <kind>archive</kind>
         <file>rts430x_lc_sd_eabi.lib</file>
         <name>boot_special.obj</name>
      </input_file>
      <input_file id="fl-26">
         <path>C:\ti\ccsv7\tools\compiler\ti-cgt-msp430_16.9.4.LTS\lib\</path>
         <kind>archive</kind>
         <file>rts430x_lc_sd_eabi.lib</file>
         <name>copy_decompress_lzss.obj</name>
      </input_file>
      <input_file id="fl-27">
         <path>C:\ti\ccsv7\tools\compiler\ti-cgt-msp430_16.9.4.LTS\lib\</path>
         <kind>archive</kind>
         <file>rts430x_lc_sd_eabi.lib</file>
         <name>copy_decompress_none.obj</name>
      </input_file>
      <input_file id="fl-28">
         <path>C:\ti\ccsv7\tools\compiler\ti-cgt-msp430_16.9.4.LTS\lib\</path>
         <kind>archive</kind>
         <file>rts430x_lc_sd_eabi.lib</file>
         <name>copy_zero_init.obj</name>
      </input_file>
      <input_file id="fl-29">
         <path>C:\ti\ccsv7\tools\compiler\ti-cgt-msp430_16.9.4.LTS\lib\</path>
         <kind>archive</kind>
         <file>rts430x_lc_sd_eabi.lib</file>
         <name>cpy_util.obj</name>
      </input_file>
      <input_file id="fl-2a">
         <path>C:\ti\ccsv7\tools\compiler\ti-cgt-msp430_16.9.4.LTS\lib\</path>
         <kind>archive</kind>
         <file>rts430x_lc_sd_eabi.lib</file>
         <name>cvtdf.obj</name>
      </input_file>
      <input_file id="fl-2b">
         <path>C:\ti\ccsv7\tools\compiler\ti-cgt-msp430_16.9.4.LTS\lib\</path>
         <kind>archive</kind>
         <file>rts430x_lc_sd_eabi.lib</file>
         <name>cvtfd.obj</name>
      </input_file>
      <input_file id="fl-2c">
         <path>C:\ti\ccsv7\tools\compiler\ti-cgt-msp430_16.9.4.LTS\lib\</path>
         <kind>archive</kind>
         <file>rts430x_lc_sd_eabi.lib</file>
         <name>div16s.obj</name>
      </input_file>
      <input_file id="fl-2d">
         <path>C:\ti\ccsv7\tools\compiler\ti-cgt-msp430_16.9.4.LTS\lib\</path>
         <kind>archive</kind>
         <file>rts430x_lc_sd_eabi.lib</file>
         <name>div16u.obj</name>
      </input_file>
      <input_file id="fl-2e">
         <path>C:\ti\ccsv7\tools\compiler\ti-cgt-msp430_16.9.4.LTS\lib\</path>
         <kind>archive</kind>
         <file>rts430x_lc_sd_eabi.lib</file>
         <name>divd.obj</name>
      </input_file>
      <input_file id="fl-2f">
         <path>C:\ti\ccsv7\tools\compiler\ti-cgt-msp430_16.9.4.LTS\lib\</path>
         <kind>archive</kind>
         <file>rts430x_lc_sd_eabi.lib</file>
         <name>e_log.obj</name>
      </input_file>
      <input_file id="fl-30">
         <path>C:\ti\ccsv7\tools\compiler\ti-cgt-msp430_16.9.4.LTS\lib\</path>
         <kind>archive</kind>
         <file>rts430x_lc_sd_eabi.lib</file>
         <name>errno.obj</name>
      </input_file>
      <input_file id="fl-31">
         <path>C:\ti\ccsv7\tools\compiler\ti-cgt-msp430_16.9.4.LTS\lib\</path>
         <kind>archive</kind>
         <file>rts430x_lc_sd_eabi.lib</file>
         <name>exit.obj</name>
      </input_file>
      <input_file id="fl-32">
         <path>C:\ti\ccsv7\tools\compiler\ti-cgt-msp430_16.9.4.LTS\lib\</path>
         <kind>archive</kind>
         <file>rts430x_lc_sd_eabi.lib</file>
         <name>exit_gvars.obj</name>
      </input_file>
      <input_file id="fl-33">
         <path>C:\ti\ccsv7\tools\compiler\ti-cgt-msp430_16.9.4.LTS\lib\</path>
         <kind>archive</kind>
         <file>rts430x_lc_sd_eabi.lib</file>
         <name>fltid.obj</name>
      </input_file>
      <input_file id="fl-34">
         <path>C:\ti\ccsv7\tools\compiler\ti-cgt-msp430_16.9.4.LTS\lib\</path>
         <kind>archive</kind>
         <file>rts430x_lc_sd_eabi.lib</file>
         <name>fltlid.obj</name>
      </input_file>
      <input_file id="fl-35">
         <path>C:\ti\ccsv7\tools\compiler\ti-cgt-msp430_16.9.4.LTS\lib\</path>
         <kind>archive</kind>
         <file>rts430x_lc_sd_eabi.lib</file>
         <name>fltuld.obj</name>
      </input_file>
      <input_file id="fl-36">
         <path>C:\ti\ccsv7\tools\compiler\ti-cgt-msp430_16.9.4.LTS\lib\</path>
         <kind>archive</kind>
         <file>rts430x_lc_sd_eabi.lib</file>
         <name>frcaddd.obj</name>
      </input_file>
      <input_file id="fl-37">
         <path>C:\ti\ccsv7\tools\compiler\ti-cgt-msp430_16.9.4.LTS\lib\</path>
         <kind>archive</kind>
         <file>rts430x_lc_sd_eabi.lib</file>
         <name>frcdivd.obj</name>
      </input_file>
      <input_file id="fl-38">
         <path>C:\ti\ccsv7\tools\compiler\ti-cgt-msp430_16.9.4.LTS\lib\</path>
         <kind>archive</kind>
         <file>rts430x_lc_sd_eabi.lib</file>
         <name>fs_add.obj</name>
      </input_file>
      <input_file id="fl-39">
         <path>C:\ti\ccsv7\tools\compiler\ti-cgt-msp430_16.9.4.LTS\lib\</path>
         <kind>archive</kind>
         <file>rts430x_lc_sd_eabi.lib</file>
         <name>fs_cmp.obj</name>
      </input_file>
      <input_file id="fl-3a">
         <path>C:\ti\ccsv7\tools\compiler\ti-cgt-msp430_16.9.4.LTS\lib\</path>
         <kind>archive</kind>
         <file>rts430x_lc_sd_eabi.lib</file>
         <name>fs_div.obj</name>
      </input_file>
      <input_file id="fl-3b">
         <path>C:\ti\ccsv7\tools\compiler\ti-cgt-msp430_16.9.4.LTS\lib\</path>
         <kind>archive</kind>
         <file>rts430x_lc_sd_eabi.lib</file>
         <name>fs_itof.obj</name>
      </input_file>
      <input_file id="fl-3c">
         <path>C:\ti\ccsv7\tools\compiler\ti-cgt-msp430_16.9.4.LTS\lib\</path>
         <kind>archive</kind>
         <file>rts430x_lc_sd_eabi.lib</file>
         <name>fs_mpy.obj</name>
      </input_file>
      <input_file id="fl-3d">
         <path>C:\ti\ccsv7\tools\compiler\ti-cgt-msp430_16.9.4.LTS\lib\</path>
         <kind>archive</kind>
         <file>rts430x_lc_sd_eabi.lib</file>
         <name>fs_neg.obj</name>
      </input_file>
      <input_file id="fl-3e">
         <path>C:\ti\ccsv7\tools\compiler\ti-cgt-msp430_16.9.4.LTS\lib\</path>
         <kind>archive</kind>
         <file>rts430x_lc_sd_eabi.lib</file>
         <name>fs_toi.obj</name>
      </input_file>
      <input_file id="fl-3f">
         <path>C:\ti\ccsv7\tools\compiler\ti-cgt-msp430_16.9.4.LTS\lib\</path>
         <kind>archive</kind>
         <file>rts430x_lc_sd_eabi.lib</file>
         <name>fs_ultof.obj</name>
      </input_file>
      <input_file id="fl-40">
         <path>C:\ti\ccsv7\tools\compiler\ti-cgt-msp430_16.9.4.LTS\lib\</path>
         <kind>archive</kind>
         <file>rts430x_lc_sd_eabi.lib</file>
         <name>fs_utof.obj</name>
      </input_file>
      <input_file id="fl-41">
         <path>C:\ti\ccsv7\tools\compiler\ti-cgt-msp430_16.9.4.LTS\lib\</path>
         <kind>archive</kind>
         <file>rts430x_lc_sd_eabi.lib</file>
         <name>int41.obj</name>
      </input_file>
      <input_file id="fl-42">
         <path>C:\ti\ccsv7\tools\compiler\ti-cgt-msp430_16.9.4.LTS\lib\</path>
         <kind>archive</kind>
         <file>rts430x_lc_sd_eabi.lib</file>
         <name>int42.obj</name>
      </input_file>
      <input_file id="fl-43">
         <path>C:\ti\ccsv7\tools\compiler\ti-cgt-msp430_16.9.4.LTS\lib\</path>
         <kind>archive</kind>
         <file>rts430x_lc_sd_eabi.lib</file>
         <name>int43.obj</name>
      </input_file>
      <input_file id="fl-44">
         <path>C:\ti\ccsv7\tools\compiler\ti-cgt-msp430_16.9.4.LTS\lib\</path>
         <kind>archive</kind>
         <file>rts430x_lc_sd_eabi.lib</file>
         <name>int45.obj</name>
      </input_file>
      <input_file id="fl-45">
         <path>C:\ti\ccsv7\tools\compiler\ti-cgt-msp430_16.9.4.LTS\lib\</path>
         <kind>archive</kind>
         <file>rts430x_lc_sd_eabi.lib</file>
         <name>int46.obj</name>
      </input_file>
      <input_file id="fl-46">
         <path>C:\ti\ccsv7\tools\compiler\ti-cgt-msp430_16.9.4.LTS\lib\</path>
         <kind>archive</kind>
         <file>rts430x_lc_sd_eabi.lib</file>
         <name>int48.obj</name>
      </input_file>
      <input_file id="fl-47">
         <path>C:\ti\ccsv7\tools\compiler\ti-cgt-msp430_16.9.4.LTS\lib\</path>
         <kind>archive</kind>
         <file>rts430x_lc_sd_eabi.lib</file>
         <name>int49.obj</name>
      </input_file>
      <input_file id="fl-48">
         <path>C:\ti\ccsv7\tools\compiler\ti-cgt-msp430_16.9.4.LTS\lib\</path>
         <kind>archive</kind>
         <file>rts430x_lc_sd_eabi.lib</file>
         <name>int50.obj</name>
      </input_file>
      <input_file id="fl-49">
         <path>C:\ti\ccsv7\tools\compiler\ti-cgt-msp430_16.9.4.LTS\lib\</path>
         <kind>archive</kind>
         <file>rts430x_lc_sd_eabi.lib</file>
         <name>int51.obj</name>
      </input_file>
      <input_file id="fl-4a">
         <path>C:\ti\ccsv7\tools\compiler\ti-cgt-msp430_16.9.4.LTS\lib\</path>
         <kind>archive</kind>
         <file>rts430x_lc_sd_eabi.lib</file>
         <name>int52.obj</name>
      </input_file>
      <input_file id="fl-4b">
         <path>C:\ti\ccsv7\tools\compiler\ti-cgt-msp430_16.9.4.LTS\lib\</path>
         <kind>archive</kind>
         <file>rts430x_lc_sd_eabi.lib</file>
         <name>int53.obj</name>
      </input_file>
      <input_file id="fl-4c">
         <path>C:\ti\ccsv7\tools\compiler\ti-cgt-msp430_16.9.4.LTS\lib\</path>
         <kind>archive</kind>
         <file>rts430x_lc_sd_eabi.lib</file>
         <name>int54.obj</name>
      </input_file>
      <input_file id="fl-4d">
         <path>C:\ti\ccsv7\tools\compiler\ti-cgt-msp430_16.9.4.LTS\lib\</path>
         <kind>archive</kind>
         <file>rts430x_lc_sd_eabi.lib</file>
         <name>int55.obj</name>
      </input_file>
      <input_file id="fl-4e">
         <path>C:\ti\ccsv7\tools\compiler\ti-cgt-msp430_16.9.4.LTS\lib\</path>
         <kind>archive</kind>
         <file>rts430x_lc_sd_eabi.lib</file>
         <name>int56.obj</name>
      </input_file>
      <input_file id="fl-4f">
         <path>C:\ti\ccsv7\tools\compiler\ti-cgt-msp430_16.9.4.LTS\lib\</path>
         <kind>archive</kind>
         <file>rts430x_lc_sd_eabi.lib</file>
         <name>int57.obj</name>
      </input_file>
      <input_file id="fl-50">
         <path>C:\ti\ccsv7\tools\compiler\ti-cgt-msp430_16.9.4.LTS\lib\</path>
         <kind>archive</kind>
         <file>rts430x_lc_sd_eabi.lib</file>
         <name>int58.obj</name>
      </input_file>
      <input_file id="fl-51">
         <path>C:\ti\ccsv7\tools\compiler\ti-cgt-msp430_16.9.4.LTS\lib\</path>
         <kind>archive</kind>
         <file>rts430x_lc_sd_eabi.lib</file>
         <name>isr_trap.obj</name>
      </input_file>
      <input_file id="fl-52">
         <path>C:\ti\ccsv7\tools\compiler\ti-cgt-msp430_16.9.4.LTS\lib\</path>
         <kind>archive</kind>
         <file>rts430x_lc_sd_eabi.lib</file>
         <name>lsl32.obj</name>
      </input_file>
      <input_file id="fl-53">
         <path>C:\ti\ccsv7\tools\compiler\ti-cgt-msp430_16.9.4.LTS\lib\</path>
         <kind>archive</kind>
         <file>rts430x_lc_sd_eabi.lib</file>
         <name>lsr32.obj</name>
      </input_file>
      <input_file id="fl-54">
         <path>C:\ti\ccsv7\tools\compiler\ti-cgt-msp430_16.9.4.LTS\lib\</path>
         <kind>archive</kind>
         <file>rts430x_lc_sd_eabi.lib</file>
         <name>lsr64.obj</name>
      </input_file>
      <input_file id="fl-55">
         <path>C:\ti\ccsv7\tools\compiler\ti-cgt-msp430_16.9.4.LTS\lib\</path>
         <kind>archive</kind>
         <file>rts430x_lc_sd_eabi.lib</file>
         <name>memcpy.obj</name>
      </input_file>
      <input_file id="fl-56">
         <path>C:\ti\ccsv7\tools\compiler\ti-cgt-msp430_16.9.4.LTS\lib\</path>
         <kind>archive</kind>
         <file>rts430x_lc_sd_eabi.lib</file>
         <name>memory.obj</name>
      </input_file>
      <input_file id="fl-57">
         <path>C:\ti\ccsv7\tools\compiler\ti-cgt-msp430_16.9.4.LTS\lib\</path>
         <kind>archive</kind>
         <file>rts430x_lc_sd_eabi.lib</file>
         <name>memset.obj</name>
      </input_file>
      <input_file id="fl-58">
         <path>C:\ti\ccsv7\tools\compiler\ti-cgt-msp430_16.9.4.LTS\lib\</path>
         <kind>archive</kind>
         <file>rts430x_lc_sd_eabi.lib</file>
         <name>mpu_init.obj</name>
      </input_file>
      <input_file id="fl-59">
         <path>C:\ti\ccsv7\tools\compiler\ti-cgt-msp430_16.9.4.LTS\lib\</path>
         <kind>archive</kind>
         <file>rts430x_lc_sd_eabi.lib</file>
         <name>mpyd.obj</name>
      </input_file>
      <input_file id="fl-5a">
         <path>C:\ti\ccsv7\tools\compiler\ti-cgt-msp430_16.9.4.LTS\lib\</path>
         <kind>archive</kind>
         <file>rts430x_lc_sd_eabi.lib</file>
         <name>mult16.obj</name>
      </input_file>
      <input_file id="fl-5b">
         <path>C:\ti\ccsv7\tools\compiler\ti-cgt-msp430_16.9.4.LTS\lib\</path>
         <kind>archive</kind>
         <file>rts430x_lc_sd_eabi.lib</file>
         <name>mult1632_f5hw.obj</name>
      </input_file>
      <input_file id="fl-5c">
         <path>C:\ti\ccsv7\tools\compiler\ti-cgt-msp430_16.9.4.LTS\lib\</path>
         <kind>archive</kind>
         <file>rts430x_lc_sd_eabi.lib</file>
         <name>mult16_f5hw.obj</name>
      </input_file>
      <input_file id="fl-5d">
         <path>C:\ti\ccsv7\tools\compiler\ti-cgt-msp430_16.9.4.LTS\lib\</path>
         <kind>archive</kind>
         <file>rts430x_lc_sd_eabi.lib</file>
         <name>mult32.obj</name>
      </input_file>
      <input_file id="fl-5e">
         <path>C:\ti\ccsv7\tools\compiler\ti-cgt-msp430_16.9.4.LTS\lib\</path>
         <kind>archive</kind>
         <file>rts430x_lc_sd_eabi.lib</file>
         <name>mult3264_f5hw.obj</name>
      </input_file>
      <input_file id="fl-5f">
         <path>C:\ti\ccsv7\tools\compiler\ti-cgt-msp430_16.9.4.LTS\lib\</path>
         <kind>archive</kind>
         <file>rts430x_lc_sd_eabi.lib</file>
         <name>mult32_f5hw.obj</name>
      </input_file>
      <input_file id="fl-60">
         <path>C:\ti\ccsv7\tools\compiler\ti-cgt-msp430_16.9.4.LTS\lib\</path>
         <kind>archive</kind>
         <file>rts430x_lc_sd_eabi.lib</file>
         <name>mult64_f5hw.obj</name>
      </input_file>
      <input_file id="fl-61">
         <path>C:\ti\ccsv7\tools\compiler\ti-cgt-msp430_16.9.4.LTS\lib\</path>
         <kind>archive</kind>
         <file>rts430x_lc_sd_eabi.lib</file>
         <name>pre_init.obj</name>
      </input_file>
      <input_file id="fl-62">
         <path>C:\ti\ccsv7\tools\compiler\ti-cgt-msp430_16.9.4.LTS\lib\</path>
         <kind>archive</kind>
         <file>rts430x_lc_sd_eabi.lib</file>
         <name>renormd.obj</name>
      </input_file>
      <input_file id="fl-63">
         <path>C:\ti\ccsv7\tools\compiler\ti-cgt-msp430_16.9.4.LTS\lib\</path>
         <kind>archive</kind>
         <file>rts430x_lc_sd_eabi.lib</file>
         <name>subd.obj</name>
      </input_file>
      <input_file id="fl-64">
         <path>C:\ti\ccsv7\tools\compiler\ti-cgt-msp430_16.9.4.LTS\lib\</path>
         <kind>archive</kind>
         <file>rts430x_lc_sd_eabi.lib</file>
         <name>_lock.obj</name>
      </input_file>
      <input_file id="fl-65">
         <path>C:\ti\ccsv7\tools\compiler\ti-cgt-msp430_16.9.4.LTS\lib\</path>
         <kind>archive</kind>
         <file>rts430x_lc_sd_eabi.lib</file>
         <name>args_main.obj</name>
      </input_file>
      <input_file id="fl-66">
         <path>C:\ti\ccsv7\tools\compiler\ti-cgt-msp430_16.9.4.LTS\lib\</path>
         <kind>archive</kind>
         <file>rts430x_lc_sd_eabi.lib</file>
         <name>asr32.obj</name>
      </input_file>
      <input_file id="fl-67">
         <path>C:\ti\ccsv7\tools\compiler\ti-cgt-msp430_16.9.4.LTS\lib\</path>
         <kind>archive</kind>
         <file>rts430x_lc_sd_eabi.lib</file>
         <name>autoinit_wdt.obj</name>
      </input_file>
      <input_file id="fl-68">
         <path>C:\ti\ccsv7\tools\compiler\ti-cgt-msp430_16.9.4.LTS\lib\</path>
         <kind>archive</kind>
         <file>rts430x_lc_sd_eabi.lib</file>
         <name>cmpd.obj</name>
      </input_file>
      <input_file id="fl-69">
         <path>C:\ti\ccsv7\tools\compiler\ti-cgt-msp430_16.9.4.LTS\lib\</path>
         <kind>archive</kind>
         <file>rts430x_lc_sd_eabi.lib</file>
         <name>cpy_tbl.obj</name>
      </input_file>
      <input_file id="fl-6a">
         <path>C:\ti\ccsv7\tools\compiler\ti-cgt-msp430_16.9.4.LTS\lib\</path>
         <kind>archive</kind>
         <file>rts430x_lc_sd_eabi.lib</file>
         <name>frcmpyd.obj</name>
      </input_file>
      <input_file id="fl-6b">
         <path>C:\ti\ccsv7\tools\compiler\ti-cgt-msp430_16.9.4.LTS\lib\</path>
         <kind>archive</kind>
         <file>rts430x_lc_sd_eabi.lib</file>
         <name>startup.obj</name>
      </input_file>
   </input_file_list>
   <object_component_list>
      <object_component id="oc-62e">
         <name>.cinit..data.load</name>
         <load_address>0xc400</load_address>
         <run_address>0xc400</run_address>
         <size>0xde</size>
      </object_component>
      <object_component id="oc-62b">
         <name>__TI_handler_table</name>
         <load_address>0xc4e0</load_address>
         <run_address>0xc4e0</run_address>
         <size>0xc</size>
      </object_component>
      <object_component id="oc-62d">
         <name>.cinit..bss.load</name>
         <load_address>0xc4ec</load_address>
         <run_address>0xc4ec</run_address>
         <size>0x6</size>
      </object_component>
      <object_component id="oc-62c">
         <name>__TI_cinit_table</name>
         <load_address>0xc4f2</load_address>
         <run_address>0xc4f2</run_address>
         <size>0x10</size>
      </object_component>
      <object_component id="oc-5cb">
         <name>.binit</name>
         <load_address>0xc502</load_address>
         <run_address>0xc502</run_address>
         <size>0x0</size>
      </object_component>
      <object_component id="oc-36c">
         <name>.const:.string</name>
         <load_address>0xc502</load_address>
         <run_address>0xc502</run_address>
         <size>0x90</size>
         <input_file_ref idref="fl-2"/>
      </object_component>
      <object_component id="oc-494">
         <name>.const:.string:spO2LUT</name>
         <load_address>0xc592</load_address>
         <run_address>0xc592</run_address>
         <size>0x2b</size>
         <input_file_ref idref="fl-2"/>
      </object_component>
      <object_component id="oc-434">
         <name>.const:$P$T0$1</name>
         <load_address>0xc5be</load_address>
         <run_address>0xc5be</run_address>
         <size>0xa</size>
         <input_file_ref idref="fl-2"/>
      </object_component>
      <object_component id="oc-46c">
         <name>.text:log</name>
         <load_address>0xc5c8</load_address>
         <run_address>0xc5c8</run_address>
         <size>0x63a</size>
         <input_file_ref idref="fl-2f"/>
      </object_component>
      <object_component id="oc-53b">
         <name>.text:__TI_frcdivd</name>
         <load_address>0xcc02</load_address>
         <run_address>0xcc02</run_address>
         <size>0x478</size>
         <input_file_ref idref="fl-37"/>
      </object_component>
      <object_component id="oc-516">
         <name>.text:__mspabi_addd</name>
         <load_address>0xd07a</load_address>
         <run_address>0xd07a</run_address>
         <size>0x2d6</size>
         <input_file_ref idref="fl-23"/>
      </object_component>
      <object_component id="oc-52e">
         <name>.text:__TI_frcmpyd</name>
         <load_address>0xd350</load_address>
         <run_address>0xd350</run_address>
         <size>0x286</size>
         <input_file_ref idref="fl-6a"/>
      </object_component>
      <object_component id="oc-472">
         <name>.text:__mspabi_mpyd</name>
         <load_address>0xd5d6</load_address>
         <run_address>0xd5d6</run_address>
         <size>0x280</size>
         <input_file_ref idref="fl-59"/>
      </object_component>
      <object_component id="oc-56c">
         <name>.text:__TI_frcaddd</name>
         <load_address>0xd856</load_address>
         <run_address>0xd856</run_address>
         <size>0x252</size>
         <input_file_ref idref="fl-36"/>
      </object_component>
      <object_component id="oc-478">
         <name>.text:__mspabi_divd</name>
         <load_address>0xdaa8</load_address>
         <run_address>0xdaa8</run_address>
         <size>0x220</size>
         <input_file_ref idref="fl-2e"/>
      </object_component>
      <object_component id="oc-454">
         <name>.text</name>
         <load_address>0xdcc8</load_address>
         <run_address>0xdcc8</run_address>
         <size>0x132</size>
         <input_file_ref idref="fl-38"/>
      </object_component>
      <object_component id="oc-3a8">
         <name>.text:spO2CalcUpdate</name>
         <load_address>0xddfa</load_address>
         <run_address>0xddfa</run_address>
         <size>0x126</size>
         <input_file_ref idref="fl-2"/>
      </object_component>
      <object_component id="oc-38b">
         <name>.text:readFifoData</name>
         <load_address>0xdf20</load_address>
         <run_address>0xdf20</run_address>
         <size>0xfe</size>
         <input_file_ref idref="fl-2"/>
      </object_component>
      <object_component id="oc-68">
         <name>.text:decompress:lzss:__TI_decompress_lzss</name>
         <load_address>0xe01e</load_address>
         <run_address>0xe01e</run_address>
         <size>0xee</size>
         <input_file_ref idref="fl-26"/>
      </object_component>
      <object_component id="oc-2f4">
         <name>.text:main</name>
         <load_address>0xe10c</load_address>
         <run_address>0xe10c</run_address>
         <size>0xec</size>
         <input_file_ref idref="fl-2"/>
      </object_component>
      <object_component id="oc-522">
         <name>.text:__mspabi_cmpd</name>
         <load_address>0xe1f8</load_address>
         <run_address>0xe1f8</run_address>
         <size>0xd8</size>
         <input_file_ref idref="fl-68"/>
      </object_component>
      <object_component id="oc-2c2">
         <name>.text:_isr:USCI_B0_ISR</name>
         <load_address>0xe2d0</load_address>
         <run_address>0xe2d0</run_address>
         <size>0xd8</size>
         <input_file_ref idref="fl-2"/>
      </object_component>
      <object_component id="oc-44f">
         <name>.text</name>
         <load_address>0xe3a8</load_address>
         <run_address>0xe3a8</run_address>
         <size>0xb8</size>
         <input_file_ref idref="fl-3c"/>
      </object_component>
      <object_component id="oc-5ab">
         <name>.text:__TI_renormd</name>
         <load_address>0xe460</load_address>
         <run_address>0xe460</run_address>
         <size>0xb2</size>
         <input_file_ref idref="fl-62"/>
      </object_component>
      <object_component id="oc-327">
         <name>.text:copy_in</name>
         <load_address>0xe512</load_address>
         <run_address>0xe512</run_address>
         <size>0xb2</size>
         <input_file_ref idref="fl-69"/>
      </object_component>
      <object_component id="oc-555">
         <name>.text:malloc</name>
         <load_address>0xe5c4</load_address>
         <run_address>0xe5c4</run_address>
         <size>0xae</size>
         <input_file_ref idref="fl-56"/>
      </object_component>
      <object_component id="oc-51c">
         <name>.text:__mspabi_fltlid</name>
         <load_address>0xe672</load_address>
         <run_address>0xe672</run_address>
         <size>0x9e</size>
         <input_file_ref idref="fl-34"/>
      </object_component>
      <object_component id="oc-2da">
         <name>.text:_auto_init_hold_wdt</name>
         <load_address>0xe710</load_address>
         <run_address>0xe710</run_address>
         <size>0x96</size>
         <input_file_ref idref="fl-67"/>
      </object_component>
      <object_component id="oc-461">
         <name>.text</name>
         <load_address>0xe7a6</load_address>
         <run_address>0xe7a6</run_address>
         <size>0x90</size>
         <input_file_ref idref="fl-3a"/>
      </object_component>
      <object_component id="oc-47e">
         <name>.text:__mspabi_cvtdf</name>
         <load_address>0xe836</load_address>
         <run_address>0xe836</run_address>
         <size>0x8c</size>
         <input_file_ref idref="fl-2a"/>
      </object_component>
      <object_component id="oc-41a">
         <name>.text:begin</name>
         <load_address>0xe8c2</load_address>
         <run_address>0xe8c2</run_address>
         <size>0x80</size>
         <input_file_ref idref="fl-2"/>
      </object_component>
      <object_component id="oc-391">
         <name>.text:getRawValues</name>
         <load_address>0xe942</load_address>
         <run_address>0xe942</run_address>
         <size>0x78</size>
         <input_file_ref idref="fl-2"/>
      </object_component>
      <object_component id="oc-385">
         <name>.text:sendInt</name>
         <load_address>0xe9ba</load_address>
         <run_address>0xe9ba</run_address>
         <size>0x78</size>
         <input_file_ref idref="fl-2"/>
      </object_component>
      <object_component id="oc-466">
         <name>.text:__mspabi_cvtfd</name>
         <load_address>0xea32</load_address>
         <run_address>0xea32</run_address>
         <size>0x6e</size>
         <input_file_ref idref="fl-2b"/>
      </object_component>
      <object_component id="oc-489">
         <name>.text</name>
         <load_address>0xeaa0</load_address>
         <run_address>0xeaa0</run_address>
         <size>0x68</size>
         <input_file_ref idref="fl-3e"/>
      </object_component>
      <object_component id="oc-55c">
         <name>.text:I2C_Master_WriteReg</name>
         <load_address>0xeb08</load_address>
         <run_address>0xeb08</run_address>
         <size>0x52</size>
         <input_file_ref idref="fl-2"/>
      </object_component>
      <object_component id="oc-379">
         <name>.text:pulseOxBegin</name>
         <load_address>0xeb5a</load_address>
         <run_address>0xeb5a</run_address>
         <size>0x52</size>
         <input_file_ref idref="fl-2"/>
      </object_component>
      <object_component id="oc-484">
         <name>.text</name>
         <load_address>0xebac</load_address>
         <run_address>0xebac</run_address>
         <size>0x4a</size>
         <input_file_ref idref="fl-39"/>
      </object_component>
      <object_component id="oc-4ea">
         <name>.text:I2C_Master_ReadReg</name>
         <load_address>0xebf6</load_address>
         <run_address>0xebf6</run_address>
         <size>0x40</size>
         <input_file_ref idref="fl-2"/>
      </object_component>
      <object_component id="oc-2b1">
         <name>.text:__memcpy_far</name>
         <load_address>0xec36</load_address>
         <run_address>0xec36</run_address>
         <size>0x40</size>
         <input_file_ref idref="fl-29"/>
      </object_component>
      <object_component id="oc-86">
         <name>.text:decompress:ZI:__TI_zero_init</name>
         <load_address>0xec76</load_address>
         <run_address>0xec76</run_address>
         <size>0x3e</size>
         <input_file_ref idref="fl-28"/>
      </object_component>
      <object_component id="oc-502">
         <name>.text:l_asr_const</name>
         <load_address>0xecb4</load_address>
         <run_address>0xecb4</run_address>
         <size>0x3e</size>
         <input_file_ref idref="fl-66"/>
      </object_component>
      <object_component id="oc-543">
         <name>.text:l_lsl_const</name>
         <load_address>0xecf2</load_address>
         <run_address>0xecf2</run_address>
         <size>0x3e</size>
         <input_file_ref idref="fl-52"/>
      </object_component>
      <object_component id="oc-574">
         <name>.text:l_lsr_const</name>
         <load_address>0xed30</load_address>
         <run_address>0xed30</run_address>
         <size>0x3e</size>
         <input_file_ref idref="fl-53"/>
      </object_component>
      <object_component id="oc-6e">
         <name>.text:decompress:none:__TI_decompress_none</name>
         <load_address>0xed6e</load_address>
         <run_address>0xed6e</run_address>
         <size>0x3c</size>
         <input_file_ref idref="fl-27"/>
      </object_component>
      <object_component id="oc-39c">
         <name>.text:dcStepIr</name>
         <load_address>0xedaa</load_address>
         <run_address>0xedaa</run_address>
         <size>0x3a</size>
         <input_file_ref idref="fl-2"/>
      </object_component>
      <object_component id="oc-3a2">
         <name>.text:dcStepRed</name>
         <load_address>0xede4</load_address>
         <run_address>0xede4</run_address>
         <size>0x3a</size>
         <input_file_ref idref="fl-2"/>
      </object_component>
      <object_component id="oc-354">
         <name>.text:initClockTo16MHz</name>
         <load_address>0xee1e</load_address>
         <run_address>0xee1e</run_address>
         <size>0x38</size>
         <input_file_ref idref="fl-2"/>
      </object_component>
      <object_component id="oc-58f">
         <name>.text:minit</name>
         <load_address>0xee56</load_address>
         <run_address>0xee56</run_address>
         <size>0x38</size>
         <input_file_ref idref="fl-56"/>
      </object_component>
      <object_component id="oc-45c">
         <name>.text</name>
         <load_address>0xee8e</load_address>
         <run_address>0xee8e</run_address>
         <size>0x32</size>
         <input_file_ref idref="fl-3f"/>
      </object_component>
      <object_component id="oc-4ca">
         <name>.text:setHighresModeEnabled</name>
         <load_address>0xeec0</load_address>
         <run_address>0xeec0</run_address>
         <size>0x32</size>
         <input_file_ref idref="fl-2"/>
      </object_component>
      <object_component id="oc-510">
         <name>.text:__mspabi_subd</name>
         <load_address>0xeef2</load_address>
         <run_address>0xeef2</run_address>
         <size>0x2e</size>
         <input_file_ref idref="fl-63"/>
      </object_component>
      <object_component id="oc-438">
         <name>.text:readRegister</name>
         <load_address>0xef20</load_address>
         <run_address>0xef20</run_address>
         <size>0x2e</size>
         <input_file_ref idref="fl-2"/>
      </object_component>
      <object_component id="oc-445">
         <name>.text</name>
         <load_address>0xef4e</load_address>
         <run_address>0xef4e</run_address>
         <size>0x2c</size>
         <input_file_ref idref="fl-2c"/>
      </object_component>
      <object_component id="oc-4d1">
         <name>.text:calloc</name>
         <load_address>0xef7a</load_address>
         <run_address>0xef7a</run_address>
         <size>0x2a</size>
         <input_file_ref idref="fl-56"/>
      </object_component>
      <object_component id="oc-4d9">
         <name>.text:writeRegister</name>
         <load_address>0xefa4</load_address>
         <run_address>0xefa4</run_address>
         <size>0x2a</size>
         <input_file_ref idref="fl-2"/>
      </object_component>
      <object_component id="oc-35a">
         <name>.text:initGPIO</name>
         <load_address>0xefce</load_address>
         <run_address>0xefce</run_address>
         <size>0x24</size>
         <input_file_ref idref="fl-2"/>
      </object_component>
      <object_component id="oc-397">
         <name>.text</name>
         <load_address>0xeff2</load_address>
         <run_address>0xeff2</run_address>
         <size>0x24</size>
         <input_file_ref idref="fl-40"/>
      </object_component>
      <object_component id="oc-57c">
         <name>.text</name>
         <load_address>0xf016</load_address>
         <run_address>0xf016</run_address>
         <size>0x24</size>
         <input_file_ref idref="fl-5f"/>
      </object_component>
      <object_component id="oc-4c4">
         <name>.text:setSamplingRate</name>
         <load_address>0xf03a</load_address>
         <run_address>0xf03a</run_address>
         <size>0x24</size>
         <input_file_ref idref="fl-2"/>
      </object_component>
      <object_component id="oc-360">
         <name>.text:initI2C</name>
         <load_address>0xf05e</load_address>
         <run_address>0xf05e</run_address>
         <size>0x22</size>
         <input_file_ref idref="fl-2"/>
      </object_component>
      <object_component id="oc-42c">
         <name>.text:setDCAlpha</name>
         <load_address>0xf080</load_address>
         <run_address>0xf080</run_address>
         <size>0x22</size>
         <input_file_ref idref="fl-2"/>
      </object_component>
      <object_component id="oc-4be">
         <name>.text:setLedsPulseWidth</name>
         <load_address>0xf0a2</load_address>
         <run_address>0xf0a2</run_address>
         <size>0x20</size>
         <input_file_ref idref="fl-2"/>
      </object_component>
      <object_component id="oc-48e">
         <name>.text:spO2CalcReset</name>
         <load_address>0xf0c2</load_address>
         <run_address>0xf0c2</run_address>
         <size>0x20</size>
         <input_file_ref idref="fl-2"/>
      </object_component>
      <object_component id="oc-366">
         <name>.text:initUart</name>
         <load_address>0xf0e2</load_address>
         <run_address>0xf0e2</run_address>
         <size>0x1e</size>
         <input_file_ref idref="fl-2"/>
      </object_component>
      <object_component id="oc-4f0">
         <name>.text:CopyArray</name>
         <load_address>0xf100</load_address>
         <run_address>0xf100</run_address>
         <size>0x1c</size>
         <input_file_ref idref="fl-2"/>
      </object_component>
      <object_component id="oc-a4">
         <name>.text:_isr:_c_int00_noargs_noexit</name>
         <load_address>0xf11c</load_address>
         <run_address>0xf11c</run_address>
         <size>0x1a</size>
         <input_file_ref idref="fl-25"/>
      </object_component>
      <object_component id="oc-3dd">
         <name>.text</name>
         <load_address>0xf136</load_address>
         <run_address>0xf136</run_address>
         <size>0x18</size>
         <input_file_ref idref="fl-5c"/>
      </object_component>
      <object_component id="oc-36d">
         <name>.text:sendString</name>
         <load_address>0xf14e</load_address>
         <run_address>0xf14e</run_address>
         <size>0x18</size>
         <input_file_ref idref="fl-2"/>
      </object_component>
      <object_component id="oc-43e">
         <name>.text:burstRead</name>
         <load_address>0xf166</load_address>
         <run_address>0xf166</run_address>
         <size>0x16</size>
         <input_file_ref idref="fl-2"/>
      </object_component>
      <object_component id="oc-4f8">
         <name>.text</name>
         <load_address>0xf17c</load_address>
         <run_address>0xf17c</run_address>
         <size>0x16</size>
         <input_file_ref idref="fl-2d"/>
      </object_component>
      <object_component id="oc-4e4">
         <name>.text:memset</name>
         <load_address>0xf192</load_address>
         <run_address>0xf192</run_address>
         <size>0x14</size>
         <input_file_ref idref="fl-57"/>
      </object_component>
      <object_component id="oc-3e2">
         <name>.text:memcpy</name>
         <load_address>0xf1a6</load_address>
         <run_address>0xf1a6</run_address>
         <size>0x12</size>
         <input_file_ref idref="fl-55"/>
      </object_component>
      <object_component id="oc-5a6">
         <name>.text:l_asr</name>
         <load_address>0xf1b8</load_address>
         <run_address>0xf1b8</run_address>
         <size>0x10</size>
         <input_file_ref idref="fl-66"/>
      </object_component>
      <object_component id="oc-59c">
         <name>.text:l_lsl</name>
         <load_address>0xf1c8</load_address>
         <run_address>0xf1c8</run_address>
         <size>0x10</size>
         <input_file_ref idref="fl-52"/>
      </object_component>
      <object_component id="oc-5a1">
         <name>.text:l_lsr</name>
         <load_address>0xf1d8</load_address>
         <run_address>0xf1d8</run_address>
         <size>0x10</size>
         <input_file_ref idref="fl-53"/>
      </object_component>
      <object_component id="oc-373">
         <name>.text:sendData</name>
         <load_address>0xf1e8</load_address>
         <run_address>0xf1e8</run_address>
         <size>0xe</size>
         <input_file_ref idref="fl-2"/>
      </object_component>
      <object_component id="oc-426">
         <name>.text:setLedsCurrent</name>
         <load_address>0xf1f6</load_address>
         <run_address>0xf1f6</run_address>
         <size>0xe</size>
         <input_file_ref idref="fl-2"/>
      </object_component>
      <object_component id="oc-34e">
         <name>.text:initWDT</name>
         <load_address>0xf204</load_address>
         <run_address>0xf204</run_address>
         <size>0xc</size>
         <input_file_ref idref="fl-2"/>
      </object_component>
      <object_component id="oc-2c8">
         <name>.text:_isr:WDT_ISR</name>
         <load_address>0xf210</load_address>
         <run_address>0xf210</run_address>
         <size>0xa</size>
         <input_file_ref idref="fl-2"/>
      </object_component>
      <object_component id="oc-420">
         <name>.text:setMode</name>
         <load_address>0xf21a</load_address>
         <run_address>0xf21a</run_address>
         <size>0xa</size>
         <input_file_ref idref="fl-2"/>
      </object_component>
      <object_component id="oc-2bd">
         <name>.text:_isr:__TI_ISR_TRAP</name>
         <load_address>0xf224</load_address>
         <run_address>0xf224</run_address>
         <size>0x8</size>
         <input_file_ref idref="fl-51"/>
      </object_component>
      <object_component id="oc-2fc">
         <name>.text:abort</name>
         <load_address>0xf22c</load_address>
         <run_address>0xf22c</run_address>
         <size>0x6</size>
         <input_file_ref idref="fl-31"/>
      </object_component>
      <object_component id="oc-4b8">
         <name>.text:getPartId</name>
         <load_address>0xf232</load_address>
         <run_address>0xf232</run_address>
         <size>0x6</size>
         <input_file_ref idref="fl-2"/>
      </object_component>
      <object_component id="oc-37f">
         <name>.text:spO2CalcGetSpO2</name>
         <load_address>0xf238</load_address>
         <run_address>0xf238</run_address>
         <size>0x6</size>
         <input_file_ref idref="fl-2"/>
      </object_component>
      <object_component id="oc-2d4">
         <name>.text:_system_pre_init</name>
         <load_address>0xf23e</load_address>
         <run_address>0xf23e</run_address>
         <size>0x4</size>
         <input_file_ref idref="fl-61"/>
      </object_component>
      <object_component id="oc-400">
         <name>.text:_nop</name>
         <load_address>0xf242</load_address>
         <run_address>0xf242</run_address>
         <size>0x2</size>
         <input_file_ref idref="fl-64"/>
      </object_component>
      <object_component id="oc-32d">
         <name>.text:_system_post_cinit</name>
         <load_address>0xf244</load_address>
         <run_address>0xf244</run_address>
         <size>0x2</size>
         <input_file_ref idref="fl-6b"/>
      </object_component>
      <object_component id="oc-595">
         <name>.bss</name>
         <uninitialized>true</uninitialized>
         <run_address>0x2188</run_address>
         <size>0x6</size>
         <input_file_ref idref="fl-56"/>
      </object_component>
      <object_component id="oc-4d0">
         <name>.common:redBuffer</name>
         <uninitialized>true</uninitialized>
         <run_address>0x2180</run_address>
         <size>0x8</size>
      </object_component>
      <object_component id="oc-4d7">
         <name>.common:irBuffer</name>
         <uninitialized>true</uninitialized>
         <run_address>0x2178</run_address>
         <size>0x8</size>
      </object_component>
      <object_component id="oc-44a">
         <name>.common:redBuffer_ptr</name>
         <uninitialized>true</uninitialized>
         <run_address>0x219a</run_address>
         <size>0x2</size>
      </object_component>
      <object_component id="oc-444">
         <name>.common:irBuffer_ptr</name>
         <uninitialized>true</uninitialized>
         <run_address>0x2198</run_address>
         <size>0x2</size>
      </object_component>
      <object_component id="oc-45a">
         <name>.common:alphaRed</name>
         <uninitialized>true</uninitialized>
         <run_address>0x2192</run_address>
         <size>0x4</size>
      </object_component>
      <object_component id="oc-44e">
         <name>.common:alphaIr</name>
         <uninitialized>true</uninitialized>
         <run_address>0x218e</run_address>
         <size>0x4</size>
      </object_component>
      <object_component id="oc-419">
         <name>.common:debuggingMode</name>
         <uninitialized>true</uninitialized>
         <run_address>0x2196</run_address>
         <size>0x2</size>
      </object_component>
      <object_component id="oc-316">
         <name>.data</name>
         <load_address>0x2000</load_address>
         <run_address>0x2000</run_address>
         <size>0x4c</size>
         <input_file_ref idref="fl-2"/>
      </object_component>
      <object_component id="oc-31c">
         <name>.data:ReceiveBuffer</name>
         <load_address>0x204c</load_address>
         <run_address>0x204c</run_address>
         <size>0x40</size>
         <input_file_ref idref="fl-2"/>
      </object_component>
      <object_component id="oc-319">
         <name>.data:TransmitBuffer</name>
         <load_address>0x208c</load_address>
         <run_address>0x208c</run_address>
         <size>0x40</size>
         <input_file_ref idref="fl-2"/>
      </object_component>
      <object_component id="oc-50d">
         <name>.data</name>
         <load_address>0x20d4</load_address>
         <run_address>0x20d4</run_address>
         <size>0x2</size>
         <input_file_ref idref="fl-30"/>
      </object_component>
      <object_component id="oc-58c">
         <name>.data</name>
         <load_address>0x20d6</load_address>
         <run_address>0x20d6</run_address>
         <size>0x2</size>
         <input_file_ref idref="fl-56"/>
      </object_component>
      <object_component id="oc-33f">
         <name>.data:_lock</name>
         <load_address>0x20cc</load_address>
         <run_address>0x20cc</run_address>
         <size>0x4</size>
         <input_file_ref idref="fl-64"/>
      </object_component>
      <object_component id="oc-348">
         <name>.data:_unlock</name>
         <load_address>0x20d0</load_address>
         <run_address>0x20d0</run_address>
         <size>0x4</size>
         <input_file_ref idref="fl-64"/>
      </object_component>
      <object_component id="oc-2a3">
         <name>.sysmem</name>
         <uninitialized>true</uninitialized>
         <run_address>0x20d8</run_address>
         <size>0x4</size>
         <input_file_ref idref="fl-56"/>
      </object_component>
      <object_component id="oc-630">
         <name>.sysmem</name>
         <uninitialized>true</uninitialized>
         <run_address>0x20d8</run_address>
         <size>0x0</size>
      </object_component>
      <object_component id="oc-29f">
         <name>.stack</name>
         <uninitialized>true</uninitialized>
         <run_address>0x2f60</run_address>
         <size>0x2</size>
         <input_file_ref idref="fl-24"/>
      </object_component>
      <object_component id="oc-62f">
         <name>.stack</name>
         <uninitialized>true</uninitialized>
         <run_address>0x2f60</run_address>
         <size>0x0</size>
      </object_component>
      <object_component id="oc-74">
         <name>.int41</name>
         <load_address>0xffda</load_address>
         <run_address>0xffda</run_address>
         <size>0x2</size>
         <input_file_ref idref="fl-41"/>
      </object_component>
      <object_component id="oc-75">
         <name>.int42</name>
         <load_address>0xffdc</load_address>
         <run_address>0xffdc</run_address>
         <size>0x2</size>
         <input_file_ref idref="fl-42"/>
      </object_component>
      <object_component id="oc-76">
         <name>.int43</name>
         <load_address>0xffde</load_address>
         <run_address>0xffde</run_address>
         <size>0x2</size>
         <input_file_ref idref="fl-43"/>
      </object_component>
      <object_component id="oc-77">
         <name>.int44</name>
         <load_address>0xffe0</load_address>
         <run_address>0xffe0</run_address>
         <size>0x2</size>
         <input_file_ref idref="fl-2"/>
      </object_component>
      <object_component id="oc-78">
         <name>.int45</name>
         <load_address>0xffe2</load_address>
         <run_address>0xffe2</run_address>
         <size>0x2</size>
         <input_file_ref idref="fl-44"/>
      </object_component>
      <object_component id="oc-79">
         <name>.int46</name>
         <load_address>0xffe4</load_address>
         <run_address>0xffe4</run_address>
         <size>0x2</size>
         <input_file_ref idref="fl-45"/>
      </object_component>
      <object_component id="oc-7a">
         <name>.int47</name>
         <load_address>0xffe6</load_address>
         <run_address>0xffe6</run_address>
         <size>0x2</size>
         <input_file_ref idref="fl-2"/>
      </object_component>
      <object_component id="oc-7b">
         <name>.int48</name>
         <load_address>0xffe8</load_address>
         <run_address>0xffe8</run_address>
         <size>0x2</size>
         <input_file_ref idref="fl-46"/>
      </object_component>
      <object_component id="oc-7c">
         <name>.int49</name>
         <load_address>0xffea</load_address>
         <run_address>0xffea</run_address>
         <size>0x2</size>
         <input_file_ref idref="fl-47"/>
      </object_component>
      <object_component id="oc-7d">
         <name>.int50</name>
         <load_address>0xffec</load_address>
         <run_address>0xffec</run_address>
         <size>0x2</size>
         <input_file_ref idref="fl-48"/>
      </object_component>
      <object_component id="oc-7e">
         <name>.int51</name>
         <load_address>0xffee</load_address>
         <run_address>0xffee</run_address>
         <size>0x2</size>
         <input_file_ref idref="fl-49"/>
      </object_component>
      <object_component id="oc-7f">
         <name>.int52</name>
         <load_address>0xfff0</load_address>
         <run_address>0xfff0</run_address>
         <size>0x2</size>
         <input_file_ref idref="fl-4a"/>
      </object_component>
      <object_component id="oc-80">
         <name>.int53</name>
         <load_address>0xfff2</load_address>
         <run_address>0xfff2</run_address>
         <size>0x2</size>
         <input_file_ref idref="fl-4b"/>
      </object_component>
      <object_component id="oc-81">
         <name>.int54</name>
         <load_address>0xfff4</load_address>
         <run_address>0xfff4</run_address>
         <size>0x2</size>
         <input_file_ref idref="fl-4c"/>
      </object_component>
      <object_component id="oc-82">
         <name>.int55</name>
         <load_address>0xfff6</load_address>
         <run_address>0xfff6</run_address>
         <size>0x2</size>
         <input_file_ref idref="fl-4d"/>
      </object_component>
      <object_component id="oc-83">
         <name>.int56</name>
         <load_address>0xfff8</load_address>
         <run_address>0xfff8</run_address>
         <size>0x2</size>
         <input_file_ref idref="fl-4e"/>
      </object_component>
      <object_component id="oc-84">
         <name>.int57</name>
         <load_address>0xfffa</load_address>
         <run_address>0xfffa</run_address>
         <size>0x2</size>
         <input_file_ref idref="fl-4f"/>
      </object_component>
      <object_component id="oc-85">
         <name>.int58</name>
         <load_address>0xfffc</load_address>
         <run_address>0xfffc</run_address>
         <size>0x2</size>
         <input_file_ref idref="fl-50"/>
      </object_component>
      <object_component id="oc-2a2">
         <name>.reset</name>
         <load_address>0xfffe</load_address>
         <run_address>0xfffe</run_address>
         <size>0x2</size>
         <input_file_ref idref="fl-24"/>
      </object_component>
      <object_component id="oc-3d9">
         <name>.debug_info</name>
         <load_address>0x0</load_address>
         <run_address>0x0</run_address>
         <size>0x966</size>
         <input_file_ref idref="fl-2"/>
      </object_component>
      <object_component id="oc-317">
         <name>.debug_info</name>
         <load_address>0x966</load_address>
         <run_address>0x966</run_address>
         <size>0x4ba</size>
         <input_file_ref idref="fl-2"/>
      </object_component>
      <object_component id="oc-31d">
         <name>.debug_info</name>
         <load_address>0xe20</load_address>
         <run_address>0xe20</run_address>
         <size>0xbf</size>
         <input_file_ref idref="fl-2"/>
      </object_component>
      <object_component id="oc-31a">
         <name>.debug_info</name>
         <load_address>0xedf</load_address>
         <run_address>0xedf</run_address>
         <size>0xc1</size>
         <input_file_ref idref="fl-2"/>
      </object_component>
      <object_component id="oc-495">
         <name>.debug_info</name>
         <load_address>0xfa0</load_address>
         <run_address>0xfa0</run_address>
         <size>0xb3</size>
         <input_file_ref idref="fl-2"/>
      </object_component>
      <object_component id="oc-435">
         <name>.debug_info</name>
         <load_address>0x1053</load_address>
         <run_address>0x1053</run_address>
         <size>0xb2</size>
         <input_file_ref idref="fl-2"/>
      </object_component>
      <object_component id="oc-4eb">
         <name>.debug_info</name>
         <load_address>0x1105</load_address>
         <run_address>0x1105</run_address>
         <size>0x17f</size>
         <input_file_ref idref="fl-2"/>
      </object_component>
      <object_component id="oc-55d">
         <name>.debug_info</name>
         <load_address>0x1284</load_address>
         <run_address>0x1284</run_address>
         <size>0x1aa</size>
         <input_file_ref idref="fl-2"/>
      </object_component>
      <object_component id="oc-4f1">
         <name>.debug_info</name>
         <load_address>0x142e</load_address>
         <run_address>0x142e</run_address>
         <size>0x16c</size>
         <input_file_ref idref="fl-2"/>
      </object_component>
      <object_component id="oc-361">
         <name>.debug_info</name>
         <load_address>0x159a</load_address>
         <run_address>0x159a</run_address>
         <size>0xdb</size>
         <input_file_ref idref="fl-2"/>
      </object_component>
      <object_component id="oc-2c3">
         <name>.debug_info</name>
         <load_address>0x1675</load_address>
         <run_address>0x1675</run_address>
         <size>0xf9</size>
         <input_file_ref idref="fl-2"/>
      </object_component>
      <object_component id="oc-41b">
         <name>.debug_info</name>
         <load_address>0x176e</load_address>
         <run_address>0x176e</run_address>
         <size>0x17c</size>
         <input_file_ref idref="fl-2"/>
      </object_component>
      <object_component id="oc-4b9">
         <name>.debug_info</name>
         <load_address>0x18ea</load_address>
         <run_address>0x18ea</run_address>
         <size>0xfb</size>
         <input_file_ref idref="fl-2"/>
      </object_component>
      <object_component id="oc-439">
         <name>.debug_info</name>
         <load_address>0x19e5</load_address>
         <run_address>0x19e5</run_address>
         <size>0x16d</size>
         <input_file_ref idref="fl-2"/>
      </object_component>
      <object_component id="oc-4da">
         <name>.debug_info</name>
         <load_address>0x1b52</load_address>
         <run_address>0x1b52</run_address>
         <size>0x180</size>
         <input_file_ref idref="fl-2"/>
      </object_component>
      <object_component id="oc-421">
         <name>.debug_info</name>
         <load_address>0x1cd2</load_address>
         <run_address>0x1cd2</run_address>
         <size>0x116</size>
         <input_file_ref idref="fl-2"/>
      </object_component>
      <object_component id="oc-4bf">
         <name>.debug_info</name>
         <load_address>0x1de8</load_address>
         <run_address>0x1de8</run_address>
         <size>0x166</size>
         <input_file_ref idref="fl-2"/>
      </object_component>
      <object_component id="oc-4c5">
         <name>.debug_info</name>
         <load_address>0x1f4e</load_address>
         <run_address>0x1f4e</run_address>
         <size>0x15e</size>
         <input_file_ref idref="fl-2"/>
      </object_component>
      <object_component id="oc-427">
         <name>.debug_info</name>
         <load_address>0x20ac</load_address>
         <run_address>0x20ac</run_address>
         <size>0x167</size>
         <input_file_ref idref="fl-2"/>
      </object_component>
      <object_component id="oc-4cb">
         <name>.debug_info</name>
         <load_address>0x2213</load_address>
         <run_address>0x2213</run_address>
         <size>0x183</size>
         <input_file_ref idref="fl-2"/>
      </object_component>
      <object_component id="oc-43f">
         <name>.debug_info</name>
         <load_address>0x2396</load_address>
         <run_address>0x2396</run_address>
         <size>0x18a</size>
         <input_file_ref idref="fl-2"/>
      </object_component>
      <object_component id="oc-38c">
         <name>.debug_info</name>
         <load_address>0x2520</load_address>
         <run_address>0x2520</run_address>
         <size>0x1c4</size>
         <input_file_ref idref="fl-2"/>
      </object_component>
      <object_component id="oc-392">
         <name>.debug_info</name>
         <load_address>0x26e4</load_address>
         <run_address>0x26e4</run_address>
         <size>0x153</size>
         <input_file_ref idref="fl-2"/>
      </object_component>
      <object_component id="oc-367">
         <name>.debug_info</name>
         <load_address>0x2837</load_address>
         <run_address>0x2837</run_address>
         <size>0xe5</size>
         <input_file_ref idref="fl-2"/>
      </object_component>
      <object_component id="oc-374">
         <name>.debug_info</name>
         <load_address>0x291c</load_address>
         <run_address>0x291c</run_address>
         <size>0xfb</size>
         <input_file_ref idref="fl-2"/>
      </object_component>
      <object_component id="oc-386">
         <name>.debug_info</name>
         <load_address>0x2a17</load_address>
         <run_address>0x2a17</run_address>
         <size>0x16e</size>
         <input_file_ref idref="fl-2"/>
      </object_component>
      <object_component id="oc-36e">
         <name>.debug_info</name>
         <load_address>0x2b85</load_address>
         <run_address>0x2b85</run_address>
         <size>0x121</size>
         <input_file_ref idref="fl-2"/>
      </object_component>
      <object_component id="oc-42d">
         <name>.debug_info</name>
         <load_address>0x2ca6</load_address>
         <run_address>0x2ca6</run_address>
         <size>0x145</size>
         <input_file_ref idref="fl-2"/>
      </object_component>
      <object_component id="oc-3a3">
         <name>.debug_info</name>
         <load_address>0x2deb</load_address>
         <run_address>0x2deb</run_address>
         <size>0x185</size>
         <input_file_ref idref="fl-2"/>
      </object_component>
      <object_component id="oc-39d">
         <name>.debug_info</name>
         <load_address>0x2f70</load_address>
         <run_address>0x2f70</run_address>
         <size>0x17d</size>
         <input_file_ref idref="fl-2"/>
      </object_component>
      <object_component id="oc-34f">
         <name>.debug_info</name>
         <load_address>0x30ed</load_address>
         <run_address>0x30ed</run_address>
         <size>0xe5</size>
         <input_file_ref idref="fl-2"/>
      </object_component>
      <object_component id="oc-2c9">
         <name>.debug_info</name>
         <load_address>0x31d2</load_address>
         <run_address>0x31d2</run_address>
         <size>0xe6</size>
         <input_file_ref idref="fl-2"/>
      </object_component>
      <object_component id="oc-380">
         <name>.debug_info</name>
         <load_address>0x32b8</load_address>
         <run_address>0x32b8</run_address>
         <size>0x117</size>
         <input_file_ref idref="fl-2"/>
      </object_component>
      <object_component id="oc-48f">
         <name>.debug_info</name>
         <load_address>0x33cf</load_address>
         <run_address>0x33cf</run_address>
         <size>0x10f</size>
         <input_file_ref idref="fl-2"/>
      </object_component>
      <object_component id="oc-3a9">
         <name>.debug_info</name>
         <load_address>0x34de</load_address>
         <run_address>0x34de</run_address>
         <size>0x390</size>
         <input_file_ref idref="fl-2"/>
      </object_component>
      <object_component id="oc-37a">
         <name>.debug_info</name>
         <load_address>0x386e</load_address>
         <run_address>0x386e</run_address>
         <size>0x1bb</size>
         <input_file_ref idref="fl-2"/>
      </object_component>
      <object_component id="oc-35b">
         <name>.debug_info</name>
         <load_address>0x3a29</load_address>
         <run_address>0x3a29</run_address>
         <size>0xdf</size>
         <input_file_ref idref="fl-2"/>
      </object_component>
      <object_component id="oc-355">
         <name>.debug_info</name>
         <load_address>0x3b08</load_address>
         <run_address>0x3b08</run_address>
         <size>0xef</size>
         <input_file_ref idref="fl-2"/>
      </object_component>
      <object_component id="oc-2f5">
         <name>.debug_info</name>
         <load_address>0x3bf7</load_address>
         <run_address>0x3bf7</run_address>
         <size>0x2cf</size>
         <input_file_ref idref="fl-2"/>
      </object_component>
      <object_component id="oc-49f">
         <name>.debug_info</name>
         <load_address>0x3ec6</load_address>
         <run_address>0x3ec6</run_address>
         <size>0x86</size>
         <input_file_ref idref="fl-2"/>
      </object_component>
      <object_component id="oc-4a4">
         <name>.debug_info</name>
         <load_address>0x3f4c</load_address>
         <run_address>0x3f4c</run_address>
         <size>0x110</size>
         <input_file_ref idref="fl-2"/>
      </object_component>
      <object_component id="oc-3c8">
         <name>.debug_info</name>
         <load_address>0x405c</load_address>
         <run_address>0x405c</run_address>
         <size>0x67</size>
         <input_file_ref idref="fl-2"/>
      </object_component>
      <object_component id="oc-3c3">
         <name>.debug_info</name>
         <load_address>0x40c3</load_address>
         <run_address>0x40c3</run_address>
         <size>0x8b</size>
         <input_file_ref idref="fl-2"/>
      </object_component>
      <object_component id="oc-3d2">
         <name>.debug_info</name>
         <load_address>0x414e</load_address>
         <run_address>0x414e</run_address>
         <size>0x199</size>
         <input_file_ref idref="fl-2"/>
      </object_component>
      <object_component id="oc-3cd">
         <name>.debug_info</name>
         <load_address>0x42e7</load_address>
         <run_address>0x42e7</run_address>
         <size>0x9d</size>
         <input_file_ref idref="fl-2"/>
      </object_component>
      <object_component id="oc-3af">
         <name>.debug_info</name>
         <load_address>0x4384</load_address>
         <run_address>0x4384</run_address>
         <size>0x8b</size>
         <input_file_ref idref="fl-2"/>
      </object_component>
      <object_component id="oc-320">
         <name>.debug_info</name>
         <load_address>0x440f</load_address>
         <run_address>0x440f</run_address>
         <size>0x18b</size>
         <input_file_ref idref="fl-2"/>
      </object_component>
      <object_component id="oc-573">
         <name>.debug_info</name>
         <load_address>0x459a</load_address>
         <run_address>0x459a</run_address>
         <size>0x201</size>
         <input_file_ref idref="fl-23"/>
      </object_component>
      <object_component id="oc-517">
         <name>.debug_info</name>
         <load_address>0x479b</load_address>
         <run_address>0x479b</run_address>
         <size>0x227</size>
         <input_file_ref idref="fl-23"/>
      </object_component>
      <object_component id="oc-535">
         <name>.debug_info</name>
         <load_address>0x49c2</load_address>
         <run_address>0x49c2</run_address>
         <size>0x94</size>
         <input_file_ref idref="fl-23"/>
      </object_component>
      <object_component id="oc-2ac">
         <name>.debug_info</name>
         <load_address>0x4a56</load_address>
         <run_address>0x4a56</run_address>
         <size>0x84</size>
         <input_file_ref idref="fl-23"/>
      </object_component>
      <object_component id="oc-2a0">
         <name>.debug_info</name>
         <load_address>0x4ada</load_address>
         <run_address>0x4ada</run_address>
         <size>0xf5</size>
         <input_file_ref idref="fl-24"/>
      </object_component>
      <object_component id="oc-a5">
         <name>.debug_info</name>
         <load_address>0x4bcf</load_address>
         <run_address>0x4bcf</run_address>
         <size>0x196</size>
         <input_file_ref idref="fl-25"/>
      </object_component>
      <object_component id="oc-6c">
         <name>.debug_info</name>
         <load_address>0x4d65</load_address>
         <run_address>0x4d65</run_address>
         <size>0x2ad</size>
         <input_file_ref idref="fl-26"/>
      </object_component>
      <object_component id="oc-30d">
         <name>.debug_info</name>
         <load_address>0x5012</load_address>
         <run_address>0x5012</run_address>
         <size>0x46</size>
         <input_file_ref idref="fl-26"/>
      </object_component>
      <object_component id="oc-2a7">
         <name>.debug_info</name>
         <load_address>0x5058</load_address>
         <run_address>0x5058</run_address>
         <size>0x60</size>
         <input_file_ref idref="fl-26"/>
      </object_component>
      <object_component id="oc-2bc">
         <name>.debug_info</name>
         <load_address>0x50b8</load_address>
         <run_address>0x50b8</run_address>
         <size>0x1cf</size>
         <input_file_ref idref="fl-27"/>
      </object_component>
      <object_component id="oc-71">
         <name>.debug_info</name>
         <load_address>0x5287</load_address>
         <run_address>0x5287</run_address>
         <size>0x1e7</size>
         <input_file_ref idref="fl-27"/>
      </object_component>
      <object_component id="oc-2b7">
         <name>.debug_info</name>
         <load_address>0x546e</load_address>
         <run_address>0x546e</run_address>
         <size>0x46</size>
         <input_file_ref idref="fl-27"/>
      </object_component>
      <object_component id="oc-87">
         <name>.debug_info</name>
         <load_address>0x54b4</load_address>
         <run_address>0x54b4</run_address>
         <size>0x1b6</size>
         <input_file_ref idref="fl-28"/>
      </object_component>
      <object_component id="oc-2cf">
         <name>.debug_info</name>
         <load_address>0x566a</load_address>
         <run_address>0x566a</run_address>
         <size>0x46</size>
         <input_file_ref idref="fl-28"/>
      </object_component>
      <object_component id="oc-2b2">
         <name>.debug_info</name>
         <load_address>0x56b0</load_address>
         <run_address>0x56b0</run_address>
         <size>0x119</size>
         <input_file_ref idref="fl-29"/>
      </object_component>
      <object_component id="oc-549">
         <name>.debug_info</name>
         <load_address>0x57c9</load_address>
         <run_address>0x57c9</run_address>
         <size>0x1bf</size>
         <input_file_ref idref="fl-2a"/>
      </object_component>
      <object_component id="oc-480">
         <name>.debug_info</name>
         <load_address>0x5988</load_address>
         <run_address>0x5988</run_address>
         <size>0x1a0</size>
         <input_file_ref idref="fl-2a"/>
      </object_component>
      <object_component id="oc-508">
         <name>.debug_info</name>
         <load_address>0x5b28</load_address>
         <run_address>0x5b28</run_address>
         <size>0xdb</size>
         <input_file_ref idref="fl-2a"/>
      </object_component>
      <object_component id="oc-467">
         <name>.debug_info</name>
         <load_address>0x5c03</load_address>
         <run_address>0x5c03</run_address>
         <size>0x17d</size>
         <input_file_ref idref="fl-2b"/>
      </object_component>
      <object_component id="oc-447">
         <name>.debug_info</name>
         <load_address>0x5d80</load_address>
         <run_address>0x5d80</run_address>
         <size>0x12d</size>
         <input_file_ref idref="fl-2c"/>
      </object_component>
      <object_component id="oc-4fa">
         <name>.debug_info</name>
         <load_address>0x5ead</load_address>
         <run_address>0x5ead</run_address>
         <size>0x119</size>
         <input_file_ref idref="fl-2d"/>
      </object_component>
      <object_component id="oc-542">
         <name>.debug_info</name>
         <load_address>0x5fc6</load_address>
         <run_address>0x5fc6</run_address>
         <size>0x1fc</size>
         <input_file_ref idref="fl-2e"/>
      </object_component>
      <object_component id="oc-479">
         <name>.debug_info</name>
         <load_address>0x61c2</load_address>
         <run_address>0x61c2</run_address>
         <size>0x247</size>
         <input_file_ref idref="fl-2e"/>
      </object_component>
      <object_component id="oc-46f">
         <name>.debug_info</name>
         <load_address>0x6409</load_address>
         <run_address>0x6409</run_address>
         <size>0x78e</size>
         <input_file_ref idref="fl-2f"/>
      </object_component>
      <object_component id="oc-529">
         <name>.debug_info</name>
         <load_address>0x6b97</load_address>
         <run_address>0x6b97</run_address>
         <size>0x39</size>
         <input_file_ref idref="fl-2f"/>
      </object_component>
      <object_component id="oc-50e">
         <name>.debug_info</name>
         <load_address>0x6bd0</load_address>
         <run_address>0x6bd0</run_address>
         <size>0xf3</size>
         <input_file_ref idref="fl-30"/>
      </object_component>
      <object_component id="oc-2fd">
         <name>.debug_info</name>
         <load_address>0x6cc3</load_address>
         <run_address>0x6cc3</run_address>
         <size>0x117</size>
         <input_file_ref idref="fl-31"/>
      </object_component>
      <object_component id="oc-57a">
         <name>.debug_info</name>
         <load_address>0x6dda</load_address>
         <run_address>0x6dda</run_address>
         <size>0x1c5</size>
         <input_file_ref idref="fl-34"/>
      </object_component>
      <object_component id="oc-51d">
         <name>.debug_info</name>
         <load_address>0x6f9f</load_address>
         <run_address>0x6f9f</run_address>
         <size>0x1e8</size>
         <input_file_ref idref="fl-34"/>
      </object_component>
      <object_component id="oc-5b2">
         <name>.debug_info</name>
         <load_address>0x7187</load_address>
         <run_address>0x7187</run_address>
         <size>0x1fa</size>
         <input_file_ref idref="fl-36"/>
      </object_component>
      <object_component id="oc-56d">
         <name>.debug_info</name>
         <load_address>0x7381</load_address>
         <run_address>0x7381</run_address>
         <size>0x2b1</size>
         <input_file_ref idref="fl-36"/>
      </object_component>
      <object_component id="oc-586">
         <name>.debug_info</name>
         <load_address>0x7632</load_address>
         <run_address>0x7632</run_address>
         <size>0x1cc</size>
         <input_file_ref idref="fl-37"/>
      </object_component>
      <object_component id="oc-53c">
         <name>.debug_info</name>
         <load_address>0x77fe</load_address>
         <run_address>0x77fe</run_address>
         <size>0x5b2</size>
         <input_file_ref idref="fl-37"/>
      </object_component>
      <object_component id="oc-455">
         <name>.debug_info</name>
         <load_address>0x7db0</load_address>
         <run_address>0x7db0</run_address>
         <size>0x119</size>
         <input_file_ref idref="fl-38"/>
      </object_component>
      <object_component id="oc-485">
         <name>.debug_info</name>
         <load_address>0x7ec9</load_address>
         <run_address>0x7ec9</run_address>
         <size>0x125</size>
         <input_file_ref idref="fl-39"/>
      </object_component>
      <object_component id="oc-464">
         <name>.debug_info</name>
         <load_address>0x7fee</load_address>
         <run_address>0x7fee</run_address>
         <size>0x119</size>
         <input_file_ref idref="fl-3a"/>
      </object_component>
      <object_component id="oc-452">
         <name>.debug_info</name>
         <load_address>0x8107</load_address>
         <run_address>0x8107</run_address>
         <size>0x119</size>
         <input_file_ref idref="fl-3c"/>
      </object_component>
      <object_component id="oc-48a">
         <name>.debug_info</name>
         <load_address>0x8220</load_address>
         <run_address>0x8220</run_address>
         <size>0x12d</size>
         <input_file_ref idref="fl-3e"/>
      </object_component>
      <object_component id="oc-45e">
         <name>.debug_info</name>
         <load_address>0x834d</load_address>
         <run_address>0x834d</run_address>
         <size>0x11f</size>
         <input_file_ref idref="fl-3f"/>
      </object_component>
      <object_component id="oc-398">
         <name>.debug_info</name>
         <load_address>0x846c</load_address>
         <run_address>0x846c</run_address>
         <size>0x11c</size>
         <input_file_ref idref="fl-40"/>
      </object_component>
      <object_component id="oc-2be">
         <name>.debug_info</name>
         <load_address>0x8588</load_address>
         <run_address>0x8588</run_address>
         <size>0x107</size>
         <input_file_ref idref="fl-51"/>
      </object_component>
      <object_component id="oc-59d">
         <name>.debug_info</name>
         <load_address>0x868f</load_address>
         <run_address>0x868f</run_address>
         <size>0x118</size>
         <input_file_ref idref="fl-52"/>
      </object_component>
      <object_component id="oc-544">
         <name>.debug_info</name>
         <load_address>0x87a7</load_address>
         <run_address>0x87a7</run_address>
         <size>0x11e</size>
         <input_file_ref idref="fl-52"/>
      </object_component>
      <object_component id="oc-5a2">
         <name>.debug_info</name>
         <load_address>0x88c5</load_address>
         <run_address>0x88c5</run_address>
         <size>0x118</size>
         <input_file_ref idref="fl-53"/>
      </object_component>
      <object_component id="oc-575">
         <name>.debug_info</name>
         <load_address>0x89dd</load_address>
         <run_address>0x89dd</run_address>
         <size>0x11e</size>
         <input_file_ref idref="fl-53"/>
      </object_component>
      <object_component id="oc-4ab">
         <name>.debug_info</name>
         <load_address>0x8afb</load_address>
         <run_address>0x8afb</run_address>
         <size>0x16d</size>
         <input_file_ref idref="fl-55"/>
      </object_component>
      <object_component id="oc-3e4">
         <name>.debug_info</name>
         <load_address>0x8c68</load_address>
         <run_address>0x8c68</run_address>
         <size>0x191</size>
         <input_file_ref idref="fl-55"/>
      </object_component>
      <object_component id="oc-3b7">
         <name>.debug_info</name>
         <load_address>0x8df9</load_address>
         <run_address>0x8df9</run_address>
         <size>0x2c</size>
         <input_file_ref idref="fl-55"/>
      </object_component>
      <object_component id="oc-30c">
         <name>.debug_info</name>
         <load_address>0x8e25</load_address>
         <run_address>0x8e25</run_address>
         <size>0x232</size>
         <input_file_ref idref="fl-56"/>
      </object_component>
      <object_component id="oc-2a4">
         <name>.debug_info</name>
         <load_address>0x9057</load_address>
         <run_address>0x9057</run_address>
         <size>0x101</size>
         <input_file_ref idref="fl-56"/>
      </object_component>
      <object_component id="oc-596">
         <name>.debug_info</name>
         <load_address>0x9158</load_address>
         <run_address>0x9158</run_address>
         <size>0x138</size>
         <input_file_ref idref="fl-56"/>
      </object_component>
      <object_component id="oc-58d">
         <name>.debug_info</name>
         <load_address>0x9290</load_address>
         <run_address>0x9290</run_address>
         <size>0xfe</size>
         <input_file_ref idref="fl-56"/>
      </object_component>
      <object_component id="oc-590">
         <name>.debug_info</name>
         <load_address>0x938e</load_address>
         <run_address>0x938e</run_address>
         <size>0x130</size>
         <input_file_ref idref="fl-56"/>
      </object_component>
      <object_component id="oc-556">
         <name>.debug_info</name>
         <load_address>0x94be</load_address>
         <run_address>0x94be</run_address>
         <size>0x1c1</size>
         <input_file_ref idref="fl-56"/>
      </object_component>
      <object_component id="oc-4d2">
         <name>.debug_info</name>
         <load_address>0x967f</load_address>
         <run_address>0x967f</run_address>
         <size>0x1b7</size>
         <input_file_ref idref="fl-56"/>
      </object_component>
      <object_component id="oc-498">
         <name>.debug_info</name>
         <load_address>0x9836</load_address>
         <run_address>0x9836</run_address>
         <size>0x2c</size>
         <input_file_ref idref="fl-56"/>
      </object_component>
      <object_component id="oc-3bc">
         <name>.debug_info</name>
         <load_address>0x9862</load_address>
         <run_address>0x9862</run_address>
         <size>0x6f</size>
         <input_file_ref idref="fl-56"/>
      </object_component>
      <object_component id="oc-564">
         <name>.debug_info</name>
         <load_address>0x98d1</load_address>
         <run_address>0x98d1</run_address>
         <size>0x162</size>
         <input_file_ref idref="fl-57"/>
      </object_component>
      <object_component id="oc-4e5">
         <name>.debug_info</name>
         <load_address>0x9a33</load_address>
         <run_address>0x9a33</run_address>
         <size>0x25a</size>
         <input_file_ref idref="fl-57"/>
      </object_component>
      <object_component id="oc-53a">
         <name>.debug_info</name>
         <load_address>0x9c8d</load_address>
         <run_address>0x9c8d</run_address>
         <size>0x1fc</size>
         <input_file_ref idref="fl-59"/>
      </object_component>
      <object_component id="oc-474">
         <name>.debug_info</name>
         <load_address>0x9e89</load_address>
         <run_address>0x9e89</run_address>
         <size>0x258</size>
         <input_file_ref idref="fl-59"/>
      </object_component>
      <object_component id="oc-3e0">
         <name>.debug_info</name>
         <load_address>0xa0e1</load_address>
         <run_address>0xa0e1</run_address>
         <size>0x128</size>
         <input_file_ref idref="fl-5c"/>
      </object_component>
      <object_component id="oc-57d">
         <name>.debug_info</name>
         <load_address>0xa209</load_address>
         <run_address>0xa209</run_address>
         <size>0x128</size>
         <input_file_ref idref="fl-5f"/>
      </object_component>
      <object_component id="oc-2d7">
         <name>.debug_info</name>
         <load_address>0xa331</load_address>
         <run_address>0xa331</run_address>
         <size>0x148</size>
         <input_file_ref idref="fl-61"/>
      </object_component>
      <object_component id="oc-5c6">
         <name>.debug_info</name>
         <load_address>0xa479</load_address>
         <run_address>0xa479</run_address>
         <size>0x1cc</size>
         <input_file_ref idref="fl-62"/>
      </object_component>
      <object_component id="oc-5ae">
         <name>.debug_info</name>
         <load_address>0xa645</load_address>
         <run_address>0xa645</run_address>
         <size>0x1d2</size>
         <input_file_ref idref="fl-62"/>
      </object_component>
      <object_component id="oc-511">
         <name>.debug_info</name>
         <load_address>0xa817</load_address>
         <run_address>0xa817</run_address>
         <size>0x198</size>
         <input_file_ref idref="fl-63"/>
      </object_component>
      <object_component id="oc-408">
         <name>.debug_info</name>
         <load_address>0xa9af</load_address>
         <run_address>0xa9af</run_address>
         <size>0x158</size>
         <input_file_ref idref="fl-64"/>
      </object_component>
      <object_component id="oc-340">
         <name>.debug_info</name>
         <load_address>0xab07</load_address>
         <run_address>0xab07</run_address>
         <size>0xf4</size>
         <input_file_ref idref="fl-64"/>
      </object_component>
      <object_component id="oc-349">
         <name>.debug_info</name>
         <load_address>0xabfb</load_address>
         <run_address>0xabfb</run_address>
         <size>0xf8</size>
         <input_file_ref idref="fl-64"/>
      </object_component>
      <object_component id="oc-402">
         <name>.debug_info</name>
         <load_address>0xacf3</load_address>
         <run_address>0xacf3</run_address>
         <size>0x123</size>
         <input_file_ref idref="fl-64"/>
      </object_component>
      <object_component id="oc-5a7">
         <name>.debug_info</name>
         <load_address>0xae16</load_address>
         <run_address>0xae16</run_address>
         <size>0x118</size>
         <input_file_ref idref="fl-66"/>
      </object_component>
      <object_component id="oc-503">
         <name>.debug_info</name>
         <load_address>0xaf2e</load_address>
[...]
         <object_component_ref idref="oc-42c"/>
      </symbol>
      <symbol id="sm-3ef">
         <name>spO2CalcReset</name>
         <value>0xf0c2</value>
         <object_component_ref idref="oc-48e"/>
      </symbol>
      <symbol id="sm-3f0">
         <name>initUart</name>
         <value>0xf0e2</value>
         <object_component_ref idref="oc-366"/>
      </symbol>
      <symbol id="sm-3f1">
         <name>samplesRecorded</name>
         <value>0x202c</value>
         <object_component_ref idref="oc-316"/>
      </symbol>
      <symbol id="sm-3f2">
         <name>irLedCurrent</name>
         <value>0x2034</value>
         <object_component_ref idref="oc-316"/>
      </symbol>
      <symbol id="sm-3f3">
         <name>RXByteCtr</name>
         <value>0x2003</value>
         <object_component_ref idref="oc-316"/>
      </symbol>
      <symbol id="sm-3f4">
         <name>spO2</name>
         <value>0x2030</value>
         <object_component_ref idref="oc-316"/>
      </symbol>
      <symbol id="sm-3f5">
         <name>tsLastBeatDetected</name>
         <value>0x203c</value>
         <object_component_ref idref="oc-316"/>
      </symbol>
      <symbol id="sm-421">
         <name>__mspabi_addd</name>
         <value>0xd07a</value>
         <object_component_ref idref="oc-516"/>
      </symbol>
      <symbol id="sm-429">
         <name>_stack</name>
         <value>0x2f60</value>
         <object_component_ref idref="oc-29f"/>
      </symbol>
      <symbol id="sm-42a">
         <name>_reset_vector</name>
         <value>0xfffe</value>
         <object_component_ref idref="oc-2a2"/>
      </symbol>
      <symbol id="sm-434">
         <name>_c_int00_noargs_noexit</name>
         <value>0xf11c</value>
         <object_component_ref idref="oc-a4"/>
      </symbol>
      <symbol id="sm-450">
         <name>__TI_decompress_lzss</name>
         <value>0xe01e</value>
         <object_component_ref idref="oc-68"/>
      </symbol>
      <symbol id="sm-461">
         <name>__TI_decompress_none</name>
         <value>0xed6e</value>
         <object_component_ref idref="oc-6e"/>
      </symbol>
      <symbol id="sm-471">
         <name>__TI_zero_init</name>
         <value>0xec76</value>
         <object_component_ref idref="oc-86"/>
      </symbol>
      <symbol id="sm-47c">
         <name>__memcpy_far</name>
         <value>0xec36</value>
         <object_component_ref idref="oc-2b1"/>
      </symbol>
      <symbol id="sm-494">
         <name>__mspabi_cvtdf</name>
         <value>0xe836</value>
         <object_component_ref idref="oc-47e"/>
      </symbol>
      <symbol id="sm-4a2">
         <name>__mspabi_cvtfd</name>
         <value>0xea32</value>
         <object_component_ref idref="oc-466"/>
      </symbol>
      <symbol id="sm-4ae">
         <name>__mspabi_remi</name>
         <value>0xef4e</value>
         <object_component_ref idref="oc-445"/>
      </symbol>
      <symbol id="sm-4af">
         <name>__mspabi_divi</name>
         <value>0xef4e</value>
         <object_component_ref idref="oc-445"/>
      </symbol>
      <symbol id="sm-4b9">
         <name>__mspabi_remu</name>
         <value>0xf17c</value>
         <object_component_ref idref="oc-4f8"/>
      </symbol>
      <symbol id="sm-4ba">
         <name>__mspabi_divu</name>
         <value>0xf17c</value>
         <object_component_ref idref="oc-4f8"/>
      </symbol>
      <symbol id="sm-4db">
         <name>__mspabi_divd</name>
         <value>0xdaa8</value>
         <object_component_ref idref="oc-478"/>
      </symbol>
      <symbol id="sm-514">
         <name>log</name>
         <value>0xc5c8</value>
         <object_component_ref idref="oc-46c"/>
      </symbol>
      <symbol id="sm-515">
         <name>logl</name>
         <value>0xc5c8</value>
         <object_component_ref idref="oc-46c"/>
      </symbol>
      <symbol id="sm-51c">
         <name>errno</name>
         <value>0x20d4</value>
         <object_component_ref idref="oc-50d"/>
      </symbol>
      <symbol id="sm-526">
         <name>C$$EXIT</name>
         <value>0xf22c</value>
         <object_component_ref idref="oc-2fc"/>
      </symbol>
      <symbol id="sm-527">
         <name>abort</name>
         <value>0xf22c</value>
         <object_component_ref idref="oc-2fc"/>
      </symbol>
      <symbol id="sm-541">
         <name>__mspabi_fltlid</name>
         <value>0xe672</value>
         <object_component_ref idref="oc-51c"/>
      </symbol>
      <symbol id="sm-563">
         <name>__TI_frcaddd</name>
         <value>0xd856</value>
         <object_component_ref idref="oc-56c"/>
      </symbol>
      <symbol id="sm-57e">
         <name>__TI_frcdivd</name>
         <value>0xcc02</value>
         <object_component_ref idref="oc-53b"/>
      </symbol>
      <symbol id="sm-599">
         <name>__mspabi_subf</name>
         <value>0xdcc8</value>
         <object_component_ref idref="oc-454"/>
      </symbol>
      <symbol id="sm-59a">
         <name>__mspabi_addf</name>
         <value>0xdcce</value>
         <object_component_ref idref="oc-454"/>
      </symbol>
      <symbol id="sm-5aa">
         <name>__mspabi_cmpf</name>
         <value>0xebac</value>
         <object_component_ref idref="oc-484"/>
      </symbol>
      <symbol id="sm-5bc">
         <name>__mspabi_divf</name>
         <value>0xe7a6</value>
         <object_component_ref idref="oc-461"/>
      </symbol>
      <symbol id="sm-5d4">
         <name>__mspabi_mpyf</name>
         <value>0xe3a8</value>
         <object_component_ref idref="oc-44f"/>
      </symbol>
      <symbol id="sm-5e7">
         <name>__mspabi_fixfi</name>
         <value>0xeaa0</value>
         <object_component_ref idref="oc-489"/>
      </symbol>
      <symbol id="sm-5f3">
         <name>__mspabi_fltulf</name>
         <value>0xee8e</value>
         <object_component_ref idref="oc-45c"/>
      </symbol>
      <symbol id="sm-5fe">
         <name>__mspabi_fltuf</name>
         <value>0xeff2</value>
         <object_component_ref idref="oc-397"/>
      </symbol>
      <symbol id="sm-601">
         <name>__TI_int41</name>
         <value>0xffda</value>
         <object_component_ref idref="oc-74"/>
      </symbol>
      <symbol id="sm-604">
         <name>__TI_int42</name>
         <value>0xffdc</value>
         <object_component_ref idref="oc-75"/>
      </symbol>
      <symbol id="sm-607">
         <name>__TI_int43</name>
         <value>0xffde</value>
         <object_component_ref idref="oc-76"/>
      </symbol>
      <symbol id="sm-60a">
         <name>__TI_int45</name>
         <value>0xffe2</value>
         <object_component_ref idref="oc-78"/>
      </symbol>
      <symbol id="sm-60d">
         <name>__TI_int46</name>
         <value>0xffe4</value>
         <object_component_ref idref="oc-79"/>
      </symbol>
      <symbol id="sm-610">
         <name>__TI_int48</name>
         <value>0xffe8</value>
         <object_component_ref idref="oc-7b"/>
      </symbol>
      <symbol id="sm-613">
         <name>__TI_int49</name>
         <value>0xffea</value>
         <object_component_ref idref="oc-7c"/>
      </symbol>
      <symbol id="sm-616">
         <name>__TI_int50</name>
         <value>0xffec</value>
         <object_component_ref idref="oc-7d"/>
      </symbol>
      <symbol id="sm-619">
         <name>__TI_int51</name>
         <value>0xffee</value>
         <object_component_ref idref="oc-7e"/>
      </symbol>
      <symbol id="sm-61c">
         <name>__TI_int52</name>
         <value>0xfff0</value>
         <object_component_ref idref="oc-7f"/>
      </symbol>
      <symbol id="sm-61f">
         <name>__TI_int53</name>
         <value>0xfff2</value>
         <object_component_ref idref="oc-80"/>
      </symbol>
      <symbol id="sm-622">
         <name>__TI_int54</name>
         <value>0xfff4</value>
         <object_component_ref idref="oc-81"/>
      </symbol>
      <symbol id="sm-625">
         <name>__TI_int55</name>
         <value>0xfff6</value>
         <object_component_ref idref="oc-82"/>
      </symbol>
      <symbol id="sm-628">
         <name>__TI_int56</name>
         <value>0xfff8</value>
         <object_component_ref idref="oc-83"/>
      </symbol>
      <symbol id="sm-62b">
         <name>__TI_int57</name>
         <value>0xfffa</value>
         <object_component_ref idref="oc-84"/>
      </symbol>
      <symbol id="sm-62e">
         <name>__TI_int58</name>
         <value>0xfffc</value>
         <object_component_ref idref="oc-85"/>
      </symbol>
      <symbol id="sm-636">
         <name>__TI_ISR_TRAP</name>
         <value>0xf224</value>
         <object_component_ref idref="oc-2bd"/>
      </symbol>
      <symbol id="sm-646">
         <name>__mspabi_slll_9</name>
         <value>0xed0a</value>
         <object_component_ref idref="oc-543"/>
      </symbol>
      <symbol id="sm-647">
         <name>__mspabi_slll_8</name>
         <value>0xed0e</value>
         <object_component_ref idref="oc-543"/>
      </symbol>
      <symbol id="sm-648">
         <name>__mspabi_slll_7</name>
         <value>0xed12</value>
         <object_component_ref idref="oc-543"/>
      </symbol>
      <symbol id="sm-649">
         <name>__mspabi_slll_6</name>
         <value>0xed16</value>
         <object_component_ref idref="oc-543"/>
      </symbol>
      <symbol id="sm-64a">
         <name>__mspabi_slll_5</name>
         <value>0xed1a</value>
         <object_component_ref idref="oc-543"/>
      </symbol>
      <symbol id="sm-64b">
         <name>__mspabi_slll_4</name>
         <value>0xed1e</value>
         <object_component_ref idref="oc-543"/>
      </symbol>
      <symbol id="sm-64c">
         <name>__mspabi_slll_3</name>
         <value>0xed22</value>
         <object_component_ref idref="oc-543"/>
      </symbol>
      <symbol id="sm-64d">
         <name>__mspabi_slll_2</name>
         <value>0xed26</value>
         <object_component_ref idref="oc-543"/>
      </symbol>
      <symbol id="sm-64e">
         <name>__mspabi_slll_1</name>
         <value>0xed2a</value>
         <object_component_ref idref="oc-543"/>
      </symbol>
      <symbol id="sm-64f">
         <name>__mspabi_slll</name>
         <value>0xf1c8</value>
         <object_component_ref idref="oc-59c"/>
      </symbol>
      <symbol id="sm-650">
         <name>__mspabi_slll_15</name>
         <value>0xecf2</value>
         <object_component_ref idref="oc-543"/>
      </symbol>
      <symbol id="sm-651">
         <name>__mspabi_slll_14</name>
         <value>0xecf6</value>
         <object_component_ref idref="oc-543"/>
      </symbol>
      <symbol id="sm-652">
         <name>__mspabi_slll_13</name>
         <value>0xecfa</value>
         <object_component_ref idref="oc-543"/>
      </symbol>
      <symbol id="sm-653">
         <name>__mspabi_slll_12</name>
         <value>0xecfe</value>
         <object_component_ref idref="oc-543"/>
      </symbol>
      <symbol id="sm-654">
         <name>__mspabi_slll_11</name>
         <value>0xed02</value>
         <object_component_ref idref="oc-543"/>
      </symbol>
      <symbol id="sm-655">
         <name>__mspabi_slll_10</name>
         <value>0xed06</value>
         <object_component_ref idref="oc-543"/>
      </symbol>
      <symbol id="sm-665">
         <name>__mspabi_srll_8</name>
         <value>0xed4c</value>
         <object_component_ref idref="oc-574"/>
      </symbol>
      <symbol id="sm-666">
         <name>__mspabi_srll_9</name>
         <value>0xed48</value>
         <object_component_ref idref="oc-574"/>
      </symbol>
      <symbol id="sm-667">
         <name>__mspabi_srll_6</name>
         <value>0xed54</value>
         <object_component_ref idref="oc-574"/>
      </symbol>
      <symbol id="sm-668">
         <name>__mspabi_srll_7</name>
         <value>0xed50</value>
         <object_component_ref idref="oc-574"/>
      </symbol>
      <symbol id="sm-669">
         <name>__mspabi_srll_4</name>
         <value>0xed5c</value>
         <object_component_ref idref="oc-574"/>
      </symbol>
      <symbol id="sm-66a">
         <name>__mspabi_srll_5</name>
         <value>0xed58</value>
         <object_component_ref idref="oc-574"/>
      </symbol>
      <symbol id="sm-66b">
         <name>__mspabi_srll_2</name>
         <value>0xed64</value>
         <object_component_ref idref="oc-574"/>
      </symbol>
      <symbol id="sm-66c">
         <name>__mspabi_srll_3</name>
         <value>0xed60</value>
         <object_component_ref idref="oc-574"/>
      </symbol>
      <symbol id="sm-66d">
         <name>__mspabi_srll_1</name>
         <value>0xed68</value>
         <object_component_ref idref="oc-574"/>
      </symbol>
      <symbol id="sm-66e">
         <name>__mspabi_srll_15</name>
         <value>0xed30</value>
         <object_component_ref idref="oc-574"/>
      </symbol>
      <symbol id="sm-66f">
         <name>__mspabi_srll_14</name>
         <value>0xed34</value>
         <object_component_ref idref="oc-574"/>
      </symbol>
      <symbol id="sm-670">
         <name>__mspabi_srll_13</name>
         <value>0xed38</value>
         <object_component_ref idref="oc-574"/>
      </symbol>
      <symbol id="sm-671">
         <name>__mspabi_srll_12</name>
         <value>0xed3c</value>
         <object_component_ref idref="oc-574"/>
      </symbol>
      <symbol id="sm-672">
         <name>__mspabi_srll_11</name>
         <value>0xed40</value>
         <object_component_ref idref="oc-574"/>
      </symbol>
      <symbol id="sm-673">
         <name>__mspabi_srll_10</name>
         <value>0xed44</value>
         <object_component_ref idref="oc-574"/>
      </symbol>
      <symbol id="sm-674">
         <name>__mspabi_srll</name>
         <value>0xf1d8</value>
         <object_component_ref idref="oc-5a1"/>
      </symbol>
      <symbol id="sm-688">
         <name>memcpy</name>
         <value>0xf1a6</value>
         <object_component_ref idref="oc-3e2"/>
      </symbol>
      <symbol id="sm-6d2">
         <name>_sys_memory</name>
         <value>0x20d8</value>
         <object_component_ref idref="oc-2a3"/>
      </symbol>
      <symbol id="sm-6d3">
         <name>calloc</name>
         <value>0xef7a</value>
         <object_component_ref idref="oc-4d1"/>
      </symbol>
      <symbol id="sm-6d4">
         <name>malloc</name>
         <value>0xe5c4</value>
         <object_component_ref idref="oc-555"/>
      </symbol>
      <symbol id="sm-6d5">
         <name>minit</name>
         <value>0xee56</value>
         <object_component_ref idref="oc-58f"/>
      </symbol>
      <symbol id="sm-6e3">
         <name>memset</name>
         <value>0xf192</value>
         <object_component_ref idref="oc-4e4"/>
      </symbol>
      <symbol id="sm-704">
         <name>__mspabi_mpyd</name>
         <value>0xd5d6</value>
         <object_component_ref idref="oc-472"/>
      </symbol>
      <symbol id="sm-70e">
         <name>__mspabi_mpyi_f5hw</name>
         <value>0xf136</value>
         <object_component_ref idref="oc-3dd"/>
      </symbol>
      <symbol id="sm-718">
         <name>__mspabi_mpyl_f5hw</name>
         <value>0xf016</value>
         <object_component_ref idref="oc-57c"/>
      </symbol>
      <symbol id="sm-722">
         <name>_system_pre_init</name>
         <value>0xf23e</value>
         <object_component_ref idref="oc-2d4"/>
      </symbol>
      <symbol id="sm-736">
         <name>__TI_renormd</name>
         <value>0xe460</value>
         <object_component_ref idref="oc-5ab"/>
      </symbol>
      <symbol id="sm-73f">
         <name>__mspabi_subd</name>
         <value>0xeef2</value>
         <object_component_ref idref="oc-510"/>
      </symbol>
      <symbol id="sm-755">
         <name>_nop</name>
         <value>0xf242</value>
         <object_component_ref idref="oc-400"/>
      </symbol>
      <symbol id="sm-756">
         <name>_lock</name>
         <value>0x20cc</value>
         <object_component_ref idref="oc-33f"/>
      </symbol>
      <symbol id="sm-757">
         <name>_unlock</name>
         <value>0x20d0</value>
         <object_component_ref idref="oc-348"/>
      </symbol>
      <symbol id="sm-768">
         <name>__mspabi_sral</name>
         <value>0xf1b8</value>
         <object_component_ref idref="oc-5a6"/>
      </symbol>
      <symbol id="sm-769">
         <name>__mspabi_sral_15</name>
         <value>0xecb4</value>
         <object_component_ref idref="oc-502"/>
      </symbol>
      <symbol id="sm-76a">
         <name>__mspabi_sral_14</name>
         <value>0xecb8</value>
         <object_component_ref idref="oc-502"/>
      </symbol>
      <symbol id="sm-76b">
         <name>__mspabi_sral_13</name>
         <value>0xecbc</value>
         <object_component_ref idref="oc-502"/>
      </symbol>
      <symbol id="sm-76c">
         <name>__mspabi_sral_12</name>
         <value>0xecc0</value>
         <object_component_ref idref="oc-502"/>
      </symbol>
      <symbol id="sm-76d">
         <name>__mspabi_sral_11</name>
         <value>0xecc4</value>
         <object_component_ref idref="oc-502"/>
      </symbol>
      <symbol id="sm-76e">
         <name>__mspabi_sral_10</name>
         <value>0xecc8</value>
         <object_component_ref idref="oc-502"/>
      </symbol>
      <symbol id="sm-76f">
         <name>__mspabi_sral_8</name>
         <value>0xecd0</value>
         <object_component_ref idref="oc-502"/>
      </symbol>
      <symbol id="sm-770">
         <name>__mspabi_sral_9</name>
         <value>0xeccc</value>
         <object_component_ref idref="oc-502"/>
      </symbol>
      <symbol id="sm-771">
         <name>__mspabi_sral_6</name>
         <value>0xecd8</value>
         <object_component_ref idref="oc-502"/>
      </symbol>
      <symbol id="sm-772">
         <name>__mspabi_sral_7</name>
         <value>0xecd4</value>
         <object_component_ref idref="oc-502"/>
      </symbol>
      <symbol id="sm-773">
         <name>__mspabi_sral_4</name>
         <value>0xece0</value>
         <object_component_ref idref="oc-502"/>
      </symbol>
      <symbol id="sm-774">
         <name>__mspabi_sral_5</name>
         <value>0xecdc</value>
         <object_component_ref idref="oc-502"/>
      </symbol>
      <symbol id="sm-775">
         <name>__mspabi_sral_2</name>
         <value>0xece8</value>
         <object_component_ref idref="oc-502"/>
      </symbol>
      <symbol id="sm-776">
         <name>__mspabi_sral_3</name>
         <value>0xece4</value>
         <object_component_ref idref="oc-502"/>
      </symbol>
      <symbol id="sm-777">
         <name>__mspabi_sral_1</name>
         <value>0xecec</value>
         <object_component_ref idref="oc-502"/>
      </symbol>
      <symbol id="sm-798">
         <name>_auto_init_hold_wdt</name>
         <value>0xe710</value>
         <object_component_ref idref="oc-2da"/>
      </symbol>
      <symbol id="sm-7b2">
         <name>__mspabi_cmpd</name>
         <value>0xe1f8</value>
         <object_component_ref idref="oc-522"/>
      </symbol>
      <symbol id="sm-7c9">
         <name>copy_in</name>
         <value>0xe512</value>
         <object_component_ref idref="oc-327"/>
      </symbol>
      <symbol id="sm-7da">
         <name>__TI_frcmpyd</name>
         <value>0xd350</value>
         <object_component_ref idref="oc-52e"/>
      </symbol>
      <symbol id="sm-7e3">
         <name>_system_post_cinit</name>
         <value>0xf244</value>
         <object_component_ref idref="oc-32d"/>
      </symbol>
      <symbol id="sm-7e7">
         <name>__TI_BINIT_Base</name>
         <value>0x0</value>
      </symbol>
      <symbol id="sm-7e8">
         <name>__TI_BINIT_Limit</name>
         <value>0x0</value>
      </symbol>
      <symbol id="sm-7e9">
         <name>__TI_INITARRAY_Base</name>
         <value>0x0</value>
      </symbol>
      <symbol id="sm-7ea">
         <name>__TI_INITARRAY_Limit</name>
         <value>0x0</value>
      </symbol>
   </symbol_table>
   <title>Link successful</title>
</link_info>
